// Jest Snapshot v1, https://goo.gl/fbAQLP

exports[`Tab Component renders empty given no tabs 1`] = `<div />`;

exports[`Tab Component renders the first tab by default 1`] = `undefined`;
